<!DOCTYPE html>
<html lang="en">

<head>
	<meta charset="UTF-8">
	<title>Golden</title>
	<link rel="stylesheet" href="css/main.css">
</head>

<body>
	<header>
		<div class="container">
			<div class="heading clearfix">
				<img src="img/logo.png" alt="Golden" class="logo">
				<nav>
					<ul class="menu">
					<li>
						<a href="#">
							Home
						</a>
					</li>
					<li>
						<a href="#">
							Services
						</a>
					</li>
					<li>
						<a href="#">
							Portfolio
						</a>
					</li>
					<li>
						<a href="#">
							About
						</a>
					</li>
					<li>
						<a href="#">
							Contact
						</a>
					</li>

					</ul>
				</nav>
			</div>
			
			<div class="titles">
				<div class="titles_first">
					Welcome To Our Studio!
				</div>

				<h1>
					It’s nice to Meet you
				</h1>
			</div>

			<a href="https://www.youtube.com/" class="button">
				Tell Me More
			</a>

		</div>
	</header>

	<section>
		<div class="container">
			<div class="title">

				<h2>
					Services
				</h2>
				<p>
					Proin iaculis purus consequat sem cure. 
				</p>

			</div>
			<div class="services clearfix">
				<div class="services_item">
					<img src="img/icon1.png" alt="услуга">
					<h3>E-Commerce</h3>
					<p>Proin iaculis purus consequat sem cure 
					digni ssim. Donec porttitora entum suscipit 
					aenean rhoncus posuere odio in tincidunt.</p>

				</div>

				<div class="services_item">
					<img src="img/icon2.png" alt="услуга">
					<h3>Responsive Web</h3>
					<p>Proin iaculis purus consequat sem cure 
					digni ssim. Donec porttitora entum suscipit 
					aenean rhoncus posuere odio in tincidunt.</p>

				</div>

				<div class="services_item">
					<img src="img/icon3.png" alt="услуга">
					<h3>Web Security</h3>
					<p>Proin iaculis purus consequat sem cure 
					digni ssim. Donec porttitora entum suscipit 
					aenean rhoncus posuere odio in tincidunt.</p>

				</div>


			</div>
			
		</div>
	</section>	


	<section id="portfolio">
		<div class="container">
			<div class="title">

				<h2>
					Our portfolio
				</h2>
				<p>
					Proin iaculis purus consequat sem cure. 
				</p>

			</div>
			<div class="works clearfix">
				<img src="img/img1.jpg" alt="работа">
				<img src="img/img2.jpg" alt="работа">
				<img src="img/img3.jpg" alt="работа">
			</div>

		</div>
	</section>


	<section>
		<div class="container">
			<div class="title">

				<h2>
					About Us
				</h2>
				<p>
					Proin iaculis purus consequat sem cure. 
				</p>

			</div>
			<div class="clearfix">
				<div class="achivements clearfix">
					<div class="h4p clearfix">
						<h4>
							<span> 
								July 2010 
							</span><br>
							Our Humble Beginnings
						</h4>
						<p>
						Proin iaculis purus consequat sem cure <br> 
						digni ssim. Donec porttitora entum suscipit <br> 
						aenean rhoncus posuere odio in tincidunt. Proin 
						iaculis purus consequat sem cure digni <br>
						ssim. Donec porttitora entum suscipit.	
						</p>
					</div>
					<img src="img/about1.jpg" alt="достижение">
				</div>
					
				<div class="achivements1 clearfix">
					<div class="h4p1 clearfix">
						<h4>
							<span> January 2011 </span><br>
							Facing Startup Battles
						</h4>
						<p>
						Proin iaculis purus consequat sem cure <br> 
						digni ssim. Donec porttitora entum suscipit <br> 
						aenean rhoncus posuere odio in tincidunt. Proin 
						iaculis purus consequat sem cure digni <br>
						ssim. Donec porttitora entum suscipit.	
						</p>
					</div>
					<img src="img/about2.jpg" alt="достижение">
				</div>
				
				<div class="achivements clearfix">
					<div class="h4p clearfix">
						<h4>
							<span> January 2011 </span><br>
							Enter The Dark Days
						</h4>
						<p>
						Proin iaculis purus consequat sem cure <br> 
						digni ssim. Donec porttitora entum suscipit <br> 
						aenean rhoncus posuere odio in tincidunt. Proin 
						iaculis purus consequat sem cure digni <br>
						ssim. Donec porttitora entum suscipit.	
						</p>
					</div>
					<img src="img/about3.jpg" alt="достижение">
				</div>

				<div class="achivements1 clearfix">
					<div class="h4p1 clearfix">
						<h4>
							<span> January 2011 </span><br>
							Our Triumph
						</h4>
						<p>
						Proin iaculis purus consequat sem cure <br> 
						digni ssim. Donec porttitora entum suscipit <br> 
						aenean rhoncus posuere odio in tincidunt. Proin 
						iaculis purus consequat sem cure digni <br>
						ssim. Donec porttitora entum suscipit.	
						</p>
					</div>
					<img src="img/about4.jpg" alt="достижение">
				</div>
			</div>

		</div>
	</section>

	<footer>
		<div class="container ">
			<h5>
				© Copyright 2014 FreebiesXpress.com
			</h5>


			 
		</div>
	</footer>



</body>



</html>
































